--------------------------------------------------------------------------------
Release 14.7 Trace  (lin64)
Copyright (c) 1995-2013 Xilinx, Inc.  All rights reserved.

/home/gehin/Xilinx/14.7/ISE_DS/ISE/bin/lin64/unwrapped/trce -intstyle ise -v 3
-s 3 -n 3 -fastpaths -xml alu.twx alu.ncd -o alu.twr alu.pcf

Design file:              alu.ncd
Physical constraint file: alu.pcf
Device,package,speed:     xc6slx16,csg324,C,-3 (PRODUCTION 1.23 2013-10-13)
Report level:             verbose report

Environment Variable      Effect 
--------------------      ------ 
NONE                      No environment variables were set
--------------------------------------------------------------------------------

INFO:Timing:2698 - No timing constraints found, doing default enumeration.
INFO:Timing:3412 - To improve timing, see the Timing Closure User Guide (UG612).
INFO:Timing:2752 - To get complete path coverage, use the unconstrained paths 
   option. All paths that are not constrained will be reported in the 
   unconstrained paths section(s) of the report.
INFO:Timing:3339 - The clock-to-out numbers in this timing report are based on 
   a 50 Ohm transmission line loading model.  For the details of this model, 
   and for more information on accounting for different loading conditions, 
   please see the device datasheet.



Data Sheet report:
-----------------
All values displayed in nanoseconds (ns)

Pad to Pad
---------------+---------------+---------+
Source Pad     |Destination Pad|  Delay  |
---------------+---------------+---------+
A<0>           |C              |   13.242|
A<0>           |N              |   13.029|
A<0>           |O              |   14.359|
A<0>           |S<0>           |   12.534|
A<0>           |S<1>           |   13.006|
A<0>           |S<2>           |   12.663|
A<0>           |S<3>           |   12.226|
A<0>           |S<4>           |   12.511|
A<0>           |S<5>           |   12.291|
A<0>           |S<6>           |   13.199|
A<0>           |S<7>           |   12.887|
A<0>           |Z              |    7.824|
A<1>           |C              |   13.219|
A<1>           |N              |   13.006|
A<1>           |O              |   14.336|
A<1>           |S<0>           |   12.511|
A<1>           |S<1>           |   12.983|
A<1>           |S<2>           |   12.640|
A<1>           |S<3>           |   12.203|
A<1>           |S<4>           |   12.488|
A<1>           |S<5>           |   12.268|
A<1>           |S<6>           |   13.176|
A<1>           |S<7>           |   12.864|
A<1>           |Z              |    7.801|
A<2>           |C              |   13.548|
A<2>           |N              |   13.335|
A<2>           |O              |   14.665|
A<2>           |S<0>           |   12.840|
A<2>           |S<1>           |   13.312|
A<2>           |S<2>           |   12.969|
A<2>           |S<3>           |   12.532|
A<2>           |S<4>           |   12.817|
A<2>           |S<5>           |   12.597|
A<2>           |S<6>           |   13.505|
A<2>           |S<7>           |   13.193|
A<2>           |Z              |    7.813|
A<3>           |C              |   13.003|
A<3>           |N              |   12.790|
A<3>           |O              |   14.120|
A<3>           |S<0>           |   12.295|
A<3>           |S<1>           |   12.767|
A<3>           |S<2>           |   12.424|
A<3>           |S<3>           |   11.987|
A<3>           |S<4>           |   12.272|
A<3>           |S<5>           |   12.052|
A<3>           |S<6>           |   12.960|
A<3>           |S<7>           |   12.648|
A<3>           |Z              |    7.975|
A<4>           |C              |   13.177|
A<4>           |N              |   12.964|
A<4>           |O              |   14.294|
A<4>           |S<0>           |   12.469|
A<4>           |S<1>           |   12.941|
A<4>           |S<2>           |   12.598|
A<4>           |S<3>           |   12.161|
A<4>           |S<4>           |   12.446|
A<4>           |S<5>           |   12.226|
A<4>           |S<6>           |   13.134|
A<4>           |S<7>           |   12.822|
A<4>           |Z              |    7.544|
A<5>           |C              |   13.428|
A<5>           |N              |   13.215|
A<5>           |O              |   14.545|
A<5>           |S<0>           |   12.720|
A<5>           |S<1>           |   13.192|
A<5>           |S<2>           |   12.849|
A<5>           |S<3>           |   12.412|
A<5>           |S<4>           |   12.697|
A<5>           |S<5>           |   12.477|
A<5>           |S<6>           |   13.385|
A<5>           |S<7>           |   13.073|
A<5>           |Z              |    7.972|
A<6>           |C              |   13.247|
A<6>           |N              |   13.034|
A<6>           |O              |   14.364|
A<6>           |S<0>           |   12.539|
A<6>           |S<1>           |   13.011|
A<6>           |S<2>           |   12.668|
A<6>           |S<3>           |   12.231|
A<6>           |S<4>           |   12.516|
A<6>           |S<5>           |   12.296|
A<6>           |S<6>           |   13.204|
A<6>           |S<7>           |   12.892|
A<6>           |Z              |    7.721|
A<7>           |C              |   12.870|
A<7>           |N              |   12.657|
A<7>           |O              |   13.987|
A<7>           |S<0>           |   12.162|
A<7>           |S<1>           |   12.634|
A<7>           |S<2>           |   12.291|
A<7>           |S<3>           |   11.854|
A<7>           |S<4>           |   12.139|
A<7>           |S<5>           |   11.919|
A<7>           |S<6>           |   12.827|
A<7>           |S<7>           |   12.515|
A<7>           |Z              |    7.936|
B<0>           |C              |   12.425|
B<0>           |N              |   12.212|
B<0>           |O              |   13.542|
B<0>           |S<0>           |   11.717|
B<0>           |S<1>           |   12.189|
B<0>           |S<2>           |   11.846|
B<0>           |S<3>           |   11.409|
B<0>           |S<4>           |   11.694|
B<0>           |S<5>           |   11.474|
B<0>           |S<6>           |   12.382|
B<0>           |S<7>           |   12.070|
B<0>           |Z              |    8.365|
B<1>           |C              |   12.496|
B<1>           |N              |   12.283|
B<1>           |O              |   13.613|
B<1>           |S<0>           |   11.788|
B<1>           |S<1>           |   12.260|
B<1>           |S<2>           |   11.917|
B<1>           |S<3>           |   11.480|
B<1>           |S<4>           |   11.765|
B<1>           |S<5>           |   11.545|
B<1>           |S<6>           |   12.453|
B<1>           |S<7>           |   12.141|
B<1>           |Z              |    8.070|
B<2>           |C              |   12.329|
B<2>           |N              |   12.116|
B<2>           |O              |   13.446|
B<2>           |S<0>           |   11.621|
B<2>           |S<1>           |   12.093|
B<2>           |S<2>           |   11.750|
B<2>           |S<3>           |   11.313|
B<2>           |S<4>           |   11.598|
B<2>           |S<5>           |   11.378|
B<2>           |S<6>           |   12.286|
B<2>           |S<7>           |   11.974|
B<2>           |Z              |    8.214|
B<3>           |C              |   12.419|
B<3>           |N              |   12.206|
B<3>           |O              |   13.536|
B<3>           |S<0>           |   11.711|
B<3>           |S<1>           |   12.183|
B<3>           |S<2>           |   11.840|
B<3>           |S<3>           |   11.403|
B<3>           |S<4>           |   11.688|
B<3>           |S<5>           |   11.468|
B<3>           |S<6>           |   12.376|
B<3>           |S<7>           |   12.064|
B<3>           |Z              |    7.751|
B<4>           |C              |   12.407|
B<4>           |N              |   12.194|
B<4>           |O              |   13.524|
B<4>           |S<0>           |   11.699|
B<4>           |S<1>           |   12.171|
B<4>           |S<2>           |   11.828|
B<4>           |S<3>           |   11.391|
B<4>           |S<4>           |   11.676|
B<4>           |S<5>           |   11.456|
B<4>           |S<6>           |   12.364|
B<4>           |S<7>           |   12.052|
B<4>           |Z              |    7.943|
B<5>           |C              |   12.340|
B<5>           |N              |   12.127|
B<5>           |O              |   13.457|
B<5>           |S<0>           |   11.632|
B<5>           |S<1>           |   12.104|
B<5>           |S<2>           |   11.761|
B<5>           |S<3>           |   11.324|
B<5>           |S<4>           |   11.609|
B<5>           |S<5>           |   11.389|
B<5>           |S<6>           |   12.297|
B<5>           |S<7>           |   11.985|
B<5>           |Z              |    7.649|
B<6>           |C              |   12.624|
B<6>           |N              |   12.411|
B<6>           |O              |   13.741|
B<6>           |S<0>           |   11.916|
B<6>           |S<1>           |   12.388|
B<6>           |S<2>           |   12.045|
B<6>           |S<3>           |   11.608|
B<6>           |S<4>           |   11.893|
B<6>           |S<5>           |   11.673|
B<6>           |S<6>           |   12.581|
B<6>           |S<7>           |   12.269|
B<6>           |Z              |    7.680|
B<7>           |C              |   12.299|
B<7>           |N              |   12.086|
B<7>           |O              |   13.416|
B<7>           |S<0>           |   11.591|
B<7>           |S<1>           |   12.063|
B<7>           |S<2>           |   11.720|
B<7>           |S<3>           |   11.283|
B<7>           |S<4>           |   11.568|
B<7>           |S<5>           |   11.348|
B<7>           |S<6>           |   12.256|
B<7>           |S<7>           |   11.944|
B<7>           |Z              |    8.141|
Ctrl_Alu<0>    |C              |    9.576|
Ctrl_Alu<0>    |N              |    9.311|
Ctrl_Alu<0>    |O              |   10.641|
Ctrl_Alu<0>    |S<0>           |    8.505|
Ctrl_Alu<0>    |S<1>           |    8.977|
Ctrl_Alu<0>    |S<2>           |    8.654|
Ctrl_Alu<0>    |S<3>           |    8.210|
Ctrl_Alu<0>    |S<4>           |    8.712|
Ctrl_Alu<0>    |S<5>           |    8.466|
Ctrl_Alu<0>    |S<6>           |    9.461|
Ctrl_Alu<0>    |S<7>           |    9.169|
Ctrl_Alu<0>    |Z              |    7.858|
Ctrl_Alu<1>    |C              |    9.889|
Ctrl_Alu<1>    |N              |    9.676|
Ctrl_Alu<1>    |O              |   11.006|
Ctrl_Alu<1>    |S<0>           |    8.719|
Ctrl_Alu<1>    |S<1>           |    9.627|
Ctrl_Alu<1>    |S<2>           |    9.331|
Ctrl_Alu<1>    |S<3>           |    8.887|
Ctrl_Alu<1>    |S<4>           |    9.158|
Ctrl_Alu<1>    |S<5>           |    8.938|
Ctrl_Alu<1>    |S<6>           |    9.846|
Ctrl_Alu<1>    |S<7>           |    9.534|
Ctrl_Alu<1>    |Z              |    7.116|
Ctrl_Alu<2>    |C              |    6.558|
Ctrl_Alu<2>    |N              |    6.644|
Ctrl_Alu<2>    |O              |    7.756|
Ctrl_Alu<2>    |S<0>           |    6.673|
Ctrl_Alu<2>    |S<1>           |    6.997|
Ctrl_Alu<2>    |S<2>           |    8.002|
Ctrl_Alu<2>    |S<3>           |    7.785|
Ctrl_Alu<2>    |S<4>           |    8.157|
Ctrl_Alu<2>    |S<5>           |    7.940|
Ctrl_Alu<2>    |S<6>           |    6.361|
Ctrl_Alu<2>    |S<7>           |    6.284|
Ctrl_Alu<2>    |Z              |    7.655|
---------------+---------------+---------+


Analysis completed Wed Apr 29 14:10:58 2020 
--------------------------------------------------------------------------------

Trace Settings:
-------------------------
Trace Settings 

Peak Memory Usage: 389 MB



